  Geri y├╝klenecek projeler belirleniyor...
  Geri y├╝kleme i├ğin t├╝m projeler g├╝ncel.
  Afney.Cad.Common -> C:\Users\afney\Desktop\afneycad\AfneyCad\src\Afney.Cad.Common\bin\Debug\net10.0\Afney.Cad.Common.dll
  Afney.Cad.Geometry -> C:\Users\afney\Desktop\afneycad\AfneyCad\src\Afney.Cad.Geometry\bin\Debug\net10.0\Afney.Cad.Geometry.dll
  Afney.Cad.Domain -> C:\Users\afney\Desktop\afneycad\AfneyCad\src\Afney.Cad.Domain\bin\Debug\net10.0\Afney.Cad.Domain.dll
  Afney.Cad.SpatialIndex -> C:\Users\afney\Desktop\afneycad\AfneyCad\src\Afney.Cad.SpatialIndex\bin\Debug\net10.0\Afney.Cad.SpatialIndex.dll
  Afney.Cad.Render -> C:\Users\afney\Desktop\afneycad\AfneyCad\src\Afney.Cad.Render\bin\Debug\net10.0\Afney.Cad.Render.dll
  Afney.Cad.Database -> C:\Users\afney\Desktop\afneycad\AfneyCad\src\Afney.Cad.Database\bin\Debug\net10.0\Afney.Cad.Database.dll
  Afney.Cad.Mechanical -> C:\Users\afney\Desktop\afneycad\AfneyCad\src\Afney.Cad.Mechanical\bin\Debug\net10.0\Afney.Cad.Mechanical.dll
  Afney.Cad.Commands -> C:\Users\afney\Desktop\afneycad\AfneyCad\src\Afney.Cad.Commands\bin\Debug\net10.0\Afney.Cad.Commands.dll
  Afney.Cad.Infrastructure -> C:\Users\afney\Desktop\afneycad\AfneyCad\src\Afney.Cad.Infrastructure\bin\Debug\net10.0\Afney.Cad.Infrastructure.dll
  Afney.Cad.Application -> C:\Users\afney\Desktop\afneycad\AfneyCad\src\Afney.Cad.Application\bin\Debug\net10.0\Afney.Cad.Application.dll
C:\Users\afney\Desktop\afneycad\AfneyCad\src\Afney.Cad.Presentation\MainWindow.xaml.cs(152,40): warning CS8604: 'void MainWindow.OnCalculateFlowCommand(object sender, RoutedEventArgs e)' i├ğindeki 'sender' parametresi i├ğin olas─▒ null ba┼şvuru ba─ş─▒ms─▒z de─şi┼şkeni. [C:\Users\afney\Desktop\afneycad\AfneyCad\src\Afney.Cad.Presentation\Afney.Cad.Presentation_jofy0o3d_wpftmp.csproj]
C:\Users\afney\Desktop\afneycad\AfneyCad\src\Afney.Cad.Presentation\MainWindow.xaml.cs(303,36): error CS0103: 'MaterialCombo' ad─▒ ge├ğerli ba─şlamda yok [C:\Users\afney\Desktop\afneycad\AfneyCad\src\Afney.Cad.Presentation\Afney.Cad.Presentation_jofy0o3d_wpftmp.csproj]
C:\Users\afney\Desktop\afneycad\AfneyCad\src\Afney.Cad.Presentation\MainWindow.xaml.cs(304,45): error CS0103: 'PipeSizeCombo' ad─▒ ge├ğerli ba─şlamda yok [C:\Users\afney\Desktop\afneycad\AfneyCad\src\Afney.Cad.Presentation\Afney.Cad.Presentation_jofy0o3d_wpftmp.csproj]
C:\Users\afney\Desktop\afneycad\AfneyCad\src\Afney.Cad.Presentation\MainWindow.xaml.cs(306,38): error CS0103: 'SystemTypeCombo' ad─▒ ge├ğerli ba─şlamda yok [C:\Users\afney\Desktop\afneycad\AfneyCad\src\Afney.Cad.Presentation\Afney.Cad.Presentation_jofy0o3d_wpftmp.csproj]
C:\Users\afney\Desktop\afneycad\AfneyCad\src\Afney.Cad.Presentation\MainWindow.xaml.cs(1280,21): warning CS0219: 'progress' de─şi┼şkeni atan─▒r ancak de─şeri hi├ğbir zaman kullan─▒lmaz [C:\Users\afney\Desktop\afneycad\AfneyCad\src\Afney.Cad.Presentation\Afney.Cad.Presentation_jofy0o3d_wpftmp.csproj]
C:\Users\afney\Desktop\afneycad\AfneyCad\src\Afney.Cad.Presentation\MainWindow.xaml.cs(1400,37): warning CS8602: Olas─▒ bir null ba┼şvurunun ba┼şvurma i┼şlemi. [C:\Users\afney\Desktop\afneycad\AfneyCad\src\Afney.Cad.Presentation\Afney.Cad.Presentation_jofy0o3d_wpftmp.csproj]
C:\Users\afney\Desktop\afneycad\AfneyCad\src\Afney.Cad.Presentation\Views\CadViewport.xaml.cs(44,24): warning CS0169: 'CadViewport._hoveredEntity' alan─▒ hi├ğbir zaman kullan─▒lmaz [C:\Users\afney\Desktop\afneycad\AfneyCad\src\Afney.Cad.Presentation\Afney.Cad.Presentation_jofy0o3d_wpftmp.csproj]
C:\Users\afney\Desktop\afneycad\AfneyCad\src\Afney.Cad.Presentation\Dialogs\DefineBuildingDialog.xaml.cs(34,38): warning CS0067: 'DefineBuildingDialog.OnLevelActivated' olay─▒ hi├ğbir zaman kullan─▒lmaz [C:\Users\afney\Desktop\afneycad\AfneyCad\src\Afney.Cad.Presentation\Afney.Cad.Presentation_jofy0o3d_wpftmp.csproj]

Olu┼şturma BA┼ŞARISIZ OLDU.

C:\Users\afney\Desktop\afneycad\AfneyCad\src\Afney.Cad.Presentation\MainWindow.xaml.cs(152,40): warning CS8604: 'void MainWindow.OnCalculateFlowCommand(object sender, RoutedEventArgs e)' i├ğindeki 'sender' parametresi i├ğin olas─▒ null ba┼şvuru ba─ş─▒ms─▒z de─şi┼şkeni. [C:\Users\afney\Desktop\afneycad\AfneyCad\src\Afney.Cad.Presentation\Afney.Cad.Presentation_jofy0o3d_wpftmp.csproj]
C:\Users\afney\Desktop\afneycad\AfneyCad\src\Afney.Cad.Presentation\MainWindow.xaml.cs(1280,21): warning CS0219: 'progress' de─şi┼şkeni atan─▒r ancak de─şeri hi├ğbir zaman kullan─▒lmaz [C:\Users\afney\Desktop\afneycad\AfneyCad\src\Afney.Cad.Presentation\Afney.Cad.Presentation_jofy0o3d_wpftmp.csproj]
C:\Users\afney\Desktop\afneycad\AfneyCad\src\Afney.Cad.Presentation\MainWindow.xaml.cs(1400,37): warning CS8602: Olas─▒ bir null ba┼şvurunun ba┼şvurma i┼şlemi. [C:\Users\afney\Desktop\afneycad\AfneyCad\src\Afney.Cad.Presentation\Afney.Cad.Presentation_jofy0o3d_wpftmp.csproj]
C:\Users\afney\Desktop\afneycad\AfneyCad\src\Afney.Cad.Presentation\Views\CadViewport.xaml.cs(44,24): warning CS0169: 'CadViewport._hoveredEntity' alan─▒ hi├ğbir zaman kullan─▒lmaz [C:\Users\afney\Desktop\afneycad\AfneyCad\src\Afney.Cad.Presentation\Afney.Cad.Presentation_jofy0o3d_wpftmp.csproj]
C:\Users\afney\Desktop\afneycad\AfneyCad\src\Afney.Cad.Presentation\Dialogs\DefineBuildingDialog.xaml.cs(34,38): warning CS0067: 'DefineBuildingDialog.OnLevelActivated' olay─▒ hi├ğbir zaman kullan─▒lmaz [C:\Users\afney\Desktop\afneycad\AfneyCad\src\Afney.Cad.Presentation\Afney.Cad.Presentation_jofy0o3d_wpftmp.csproj]
C:\Users\afney\Desktop\afneycad\AfneyCad\src\Afney.Cad.Presentation\MainWindow.xaml.cs(303,36): error CS0103: 'MaterialCombo' ad─▒ ge├ğerli ba─şlamda yok [C:\Users\afney\Desktop\afneycad\AfneyCad\src\Afney.Cad.Presentation\Afney.Cad.Presentation_jofy0o3d_wpftmp.csproj]
C:\Users\afney\Desktop\afneycad\AfneyCad\src\Afney.Cad.Presentation\MainWindow.xaml.cs(304,45): error CS0103: 'PipeSizeCombo' ad─▒ ge├ğerli ba─şlamda yok [C:\Users\afney\Desktop\afneycad\AfneyCad\src\Afney.Cad.Presentation\Afney.Cad.Presentation_jofy0o3d_wpftmp.csproj]
C:\Users\afney\Desktop\afneycad\AfneyCad\src\Afney.Cad.Presentation\MainWindow.xaml.cs(306,38): error CS0103: 'SystemTypeCombo' ad─▒ ge├ğerli ba─şlamda yok [C:\Users\afney\Desktop\afneycad\AfneyCad\src\Afney.Cad.Presentation\Afney.Cad.Presentation_jofy0o3d_wpftmp.csproj]
    5 Uyar─▒
    3 Hata

Ge├ğen S├╝re 00:00:13.95
