  Geri y├╝klenecek projeler belirleniyor...
  Geri y├╝kleme i├ğin t├╝m projeler g├╝ncel.
  Afney.Cad.Common -> C:\Users\afney\Desktop\afneycad\AfneyCad\src\Afney.Cad.Common\bin\Debug\net10.0\Afney.Cad.Common.dll
  Afney.Cad.Geometry -> C:\Users\afney\Desktop\afneycad\AfneyCad\src\Afney.Cad.Geometry\bin\Debug\net10.0\Afney.Cad.Geometry.dll
  Afney.Cad.Domain -> C:\Users\afney\Desktop\afneycad\AfneyCad\src\Afney.Cad.Domain\bin\Debug\net10.0\Afney.Cad.Domain.dll
  Afney.Cad.Render -> C:\Users\afney\Desktop\afneycad\AfneyCad\src\Afney.Cad.Render\bin\Debug\net10.0\Afney.Cad.Render.dll
  Afney.Cad.SpatialIndex -> C:\Users\afney\Desktop\afneycad\AfneyCad\src\Afney.Cad.SpatialIndex\bin\Debug\net10.0\Afney.Cad.SpatialIndex.dll
  Afney.Cad.Database -> C:\Users\afney\Desktop\afneycad\AfneyCad\src\Afney.Cad.Database\bin\Debug\net10.0\Afney.Cad.Database.dll
C:\Users\afney\Desktop\afneycad\AfneyCad\src\Afney.Cad.Mechanical\Services\RiserDiagramService.cs(7,7): warning CS0105: 'Afney.Cad.Database.Core' i├ğin using y├Ânergesi bu ad alan─▒nda daha ├Ânce g├Âr├╝nd├╝ [C:\Users\afney\Desktop\afneycad\AfneyCad\src\Afney.Cad.Mechanical\Afney.Cad.Mechanical.csproj]
C:\Users\afney\Desktop\afneycad\AfneyCad\src\Afney.Cad.Mechanical\Services\RiserDiagramService.cs(8,7): warning CS0105: 'Afney.Cad.Domain.Abstractions' i├ğin using y├Ânergesi bu ad alan─▒nda daha ├Ânce g├Âr├╝nd├╝ [C:\Users\afney\Desktop\afneycad\AfneyCad\src\Afney.Cad.Mechanical\Afney.Cad.Mechanical.csproj]
C:\Users\afney\Desktop\afneycad\AfneyCad\src\Afney.Cad.Mechanical\Services\RiserDiagramService.cs(9,7): warning CS0105: 'Afney.Cad.Geometry.Primitives' i├ğin using y├Ânergesi bu ad alan─▒nda daha ├Ânce g├Âr├╝nd├╝ [C:\Users\afney\Desktop\afneycad\AfneyCad\src\Afney.Cad.Mechanical\Afney.Cad.Mechanical.csproj]
C:\Users\afney\Desktop\afneycad\AfneyCad\src\Afney.Cad.Mechanical\MechanicalKernel.cs(252,36): warning CS8602: Olas─▒ bir null ba┼şvurunun ba┼şvurma i┼şlemi. [C:\Users\afney\Desktop\afneycad\AfneyCad\src\Afney.Cad.Mechanical\Afney.Cad.Mechanical.csproj]
C:\Users\afney\Desktop\afneycad\AfneyCad\src\Afney.Cad.Mechanical\MechanicalKernel.cs(558,58): warning CS8604: 'FlowCalculationService.FlowCalculationService(MechanicalTopologyGraph graph)' i├ğindeki 'graph' parametresi i├ğin olas─▒ null ba┼şvuru ba─ş─▒ms─▒z de─şi┼şkeni. [C:\Users\afney\Desktop\afneycad\AfneyCad\src\Afney.Cad.Mechanical\Afney.Cad.Mechanical.csproj]
  Afney.Cad.Mechanical -> C:\Users\afney\Desktop\afneycad\AfneyCad\src\Afney.Cad.Mechanical\bin\Debug\net10.0\Afney.Cad.Mechanical.dll
C:\Users\afney\Desktop\afneycad\AfneyCad\src\Afney.Cad.Infrastructure\Import\DwgImportService.cs(8,7): warning CS0105: 'ACadSharp.IO' i├ğin using y├Ânergesi bu ad alan─▒nda daha ├Ânce g├Âr├╝nd├╝ [C:\Users\afney\Desktop\afneycad\AfneyCad\src\Afney.Cad.Infrastructure\Afney.Cad.Infrastructure.csproj]
C:\Users\afney\Desktop\afneycad\AfneyCad\src\Afney.Cad.Infrastructure\FileFormats\DxfReader.cs(40,41): warning CS8600: Null sabit de─şeri veya olas─▒ null de─şeri, bo┼ş de─şer atanamaz t├╝re d├Ân├╝┼şt├╝r├╝l├╝yor. [C:\Users\afney\Desktop\afneycad\AfneyCad\src\Afney.Cad.Infrastructure\Afney.Cad.Infrastructure.csproj]
  Afney.Cad.Infrastructure -> C:\Users\afney\Desktop\afneycad\AfneyCad\src\Afney.Cad.Infrastructure\bin\Debug\net10.0\Afney.Cad.Infrastructure.dll
  Afney.Cad.Commands -> C:\Users\afney\Desktop\afneycad\AfneyCad\src\Afney.Cad.Commands\bin\Debug\net10.0\Afney.Cad.Commands.dll
  Afney.Cad.Application -> C:\Users\afney\Desktop\afneycad\AfneyCad\src\Afney.Cad.Application\bin\Debug\net10.0\Afney.Cad.Application.dll
C:\Users\afney\Desktop\afneycad\AfneyCad\src\Afney.Cad.Presentation\Views\CadViewport.xaml.cs(15,7): warning CS0105: 'System.Windows.Input' i├ğin using y├Ânergesi bu ad alan─▒nda daha ├Ânce g├Âr├╝nd├╝ [C:\Users\afney\Desktop\afneycad\AfneyCad\src\Afney.Cad.Presentation\Afney.Cad.Presentation_ovcw5m2d_wpftmp.csproj]
C:\Users\afney\Desktop\afneycad\AfneyCad\src\Afney.Cad.Presentation\MainWindow.xaml.cs(207,40): warning CS8604: 'void MainWindow.OnCalculateFlowCommand(object sender, RoutedEventArgs e)' i├ğindeki 'sender' parametresi i├ğin olas─▒ null ba┼şvuru ba─ş─▒ms─▒z de─şi┼şkeni. [C:\Users\afney\Desktop\afneycad\AfneyCad\src\Afney.Cad.Presentation\Afney.Cad.Presentation_ovcw5m2d_wpftmp.csproj]
C:\Users\afney\Desktop\afneycad\AfneyCad\src\Afney.Cad.Presentation\Views\CadViewport.xaml.cs(1184,25): warning CS8602: Olas─▒ bir null ba┼şvurunun ba┼şvurma i┼şlemi. [C:\Users\afney\Desktop\afneycad\AfneyCad\src\Afney.Cad.Presentation\Afney.Cad.Presentation_ovcw5m2d_wpftmp.csproj]
C:\Users\afney\Desktop\afneycad\AfneyCad\src\Afney.Cad.Presentation\Views\CadViewport.xaml.cs(1370,33): warning CS8602: Olas─▒ bir null ba┼şvurunun ba┼şvurma i┼şlemi. [C:\Users\afney\Desktop\afneycad\AfneyCad\src\Afney.Cad.Presentation\Afney.Cad.Presentation_ovcw5m2d_wpftmp.csproj]
C:\Users\afney\Desktop\afneycad\AfneyCad\src\Afney.Cad.Presentation\MainWindow.xaml.cs(1696,21): warning CS0219: 'progress' de─şi┼şkeni atan─▒r ancak de─şeri hi├ğbir zaman kullan─▒lmaz [C:\Users\afney\Desktop\afneycad\AfneyCad\src\Afney.Cad.Presentation\Afney.Cad.Presentation_ovcw5m2d_wpftmp.csproj]
C:\Users\afney\Desktop\afneycad\AfneyCad\src\Afney.Cad.Presentation\MainWindow.xaml.cs(1807,37): warning CS8602: Olas─▒ bir null ba┼şvurunun ba┼şvurma i┼şlemi. [C:\Users\afney\Desktop\afneycad\AfneyCad\src\Afney.Cad.Presentation\Afney.Cad.Presentation_ovcw5m2d_wpftmp.csproj]
C:\Users\afney\Desktop\afneycad\AfneyCad\src\Afney.Cad.Presentation\Dialogs\DefineBuildingDialog.xaml.cs(34,38): warning CS0067: 'DefineBuildingDialog.OnLevelActivated' olay─▒ hi├ğbir zaman kullan─▒lmaz [C:\Users\afney\Desktop\afneycad\AfneyCad\src\Afney.Cad.Presentation\Afney.Cad.Presentation_ovcw5m2d_wpftmp.csproj]
C:\Users\afney\Desktop\afneycad\AfneyCad\src\Afney.Cad.Presentation\Views\CadViewport.xaml.cs(79,59): warning CS0649: 'CadViewport._zoomTimer' alan─▒ hi├ğbir zaman atanmaz ve her zaman varsay─▒lan null de─şerine sahip olur [C:\Users\afney\Desktop\afneycad\AfneyCad\src\Afney.Cad.Presentation\Afney.Cad.Presentation_ovcw5m2d_wpftmp.csproj]
C:\Users\afney\Desktop\afneycad\AfneyCad\src\Afney.Cad.Presentation\Views\CadViewport.xaml.cs(15,7): warning CS0105: 'System.Windows.Input' i├ğin using y├Ânergesi bu ad alan─▒nda daha ├Ânce g├Âr├╝nd├╝ [C:\Users\afney\Desktop\afneycad\AfneyCad\src\Afney.Cad.Presentation\Afney.Cad.Presentation.csproj]
C:\Users\afney\Desktop\afneycad\AfneyCad\src\Afney.Cad.Presentation\MainWindow.xaml.cs(207,40): warning CS8604: 'void MainWindow.OnCalculateFlowCommand(object sender, RoutedEventArgs e)' i├ğindeki 'sender' parametresi i├ğin olas─▒ null ba┼şvuru ba─ş─▒ms─▒z de─şi┼şkeni. [C:\Users\afney\Desktop\afneycad\AfneyCad\src\Afney.Cad.Presentation\Afney.Cad.Presentation.csproj]
C:\Users\afney\Desktop\afneycad\AfneyCad\src\Afney.Cad.Presentation\Views\CadViewport.xaml.cs(1184,25): warning CS8602: Olas─▒ bir null ba┼şvurunun ba┼şvurma i┼şlemi. [C:\Users\afney\Desktop\afneycad\AfneyCad\src\Afney.Cad.Presentation\Afney.Cad.Presentation.csproj]
C:\Users\afney\Desktop\afneycad\AfneyCad\src\Afney.Cad.Presentation\Views\CadViewport.xaml.cs(1370,33): warning CS8602: Olas─▒ bir null ba┼şvurunun ba┼şvurma i┼şlemi. [C:\Users\afney\Desktop\afneycad\AfneyCad\src\Afney.Cad.Presentation\Afney.Cad.Presentation.csproj]
C:\Users\afney\Desktop\afneycad\AfneyCad\src\Afney.Cad.Presentation\MainWindow.xaml.cs(1696,21): warning CS0219: 'progress' de─şi┼şkeni atan─▒r ancak de─şeri hi├ğbir zaman kullan─▒lmaz [C:\Users\afney\Desktop\afneycad\AfneyCad\src\Afney.Cad.Presentation\Afney.Cad.Presentation.csproj]
C:\Users\afney\Desktop\afneycad\AfneyCad\src\Afney.Cad.Presentation\MainWindow.xaml.cs(1807,37): warning CS8602: Olas─▒ bir null ba┼şvurunun ba┼şvurma i┼şlemi. [C:\Users\afney\Desktop\afneycad\AfneyCad\src\Afney.Cad.Presentation\Afney.Cad.Presentation.csproj]
C:\Users\afney\Desktop\afneycad\AfneyCad\src\Afney.Cad.Presentation\Dialogs\DefineBuildingDialog.xaml.cs(34,38): warning CS0067: 'DefineBuildingDialog.OnLevelActivated' olay─▒ hi├ğbir zaman kullan─▒lmaz [C:\Users\afney\Desktop\afneycad\AfneyCad\src\Afney.Cad.Presentation\Afney.Cad.Presentation.csproj]
C:\Users\afney\Desktop\afneycad\AfneyCad\src\Afney.Cad.Presentation\Views\CadViewport.xaml.cs(79,59): warning CS0649: 'CadViewport._zoomTimer' alan─▒ hi├ğbir zaman atanmaz ve her zaman varsay─▒lan null de─şerine sahip olur [C:\Users\afney\Desktop\afneycad\AfneyCad\src\Afney.Cad.Presentation\Afney.Cad.Presentation.csproj]
  Afney.Cad.Presentation -> C:\Users\afney\Desktop\afneycad\AfneyCad\src\Afney.Cad.Presentation\bin\Debug\net10.0-windows\Afney.Cad.Presentation.dll

Olu┼şturma ba┼şar─▒l─▒ oldu.

C:\Users\afney\Desktop\afneycad\AfneyCad\src\Afney.Cad.Mechanical\Services\RiserDiagramService.cs(7,7): warning CS0105: 'Afney.Cad.Database.Core' i├ğin using y├Ânergesi bu ad alan─▒nda daha ├Ânce g├Âr├╝nd├╝ [C:\Users\afney\Desktop\afneycad\AfneyCad\src\Afney.Cad.Mechanical\Afney.Cad.Mechanical.csproj]
C:\Users\afney\Desktop\afneycad\AfneyCad\src\Afney.Cad.Mechanical\Services\RiserDiagramService.cs(8,7): warning CS0105: 'Afney.Cad.Domain.Abstractions' i├ğin using y├Ânergesi bu ad alan─▒nda daha ├Ânce g├Âr├╝nd├╝ [C:\Users\afney\Desktop\afneycad\AfneyCad\src\Afney.Cad.Mechanical\Afney.Cad.Mechanical.csproj]
C:\Users\afney\Desktop\afneycad\AfneyCad\src\Afney.Cad.Mechanical\Services\RiserDiagramService.cs(9,7): warning CS0105: 'Afney.Cad.Geometry.Primitives' i├ğin using y├Ânergesi bu ad alan─▒nda daha ├Ânce g├Âr├╝nd├╝ [C:\Users\afney\Desktop\afneycad\AfneyCad\src\Afney.Cad.Mechanical\Afney.Cad.Mechanical.csproj]
C:\Users\afney\Desktop\afneycad\AfneyCad\src\Afney.Cad.Mechanical\MechanicalKernel.cs(252,36): warning CS8602: Olas─▒ bir null ba┼şvurunun ba┼şvurma i┼şlemi. [C:\Users\afney\Desktop\afneycad\AfneyCad\src\Afney.Cad.Mechanical\Afney.Cad.Mechanical.csproj]
C:\Users\afney\Desktop\afneycad\AfneyCad\src\Afney.Cad.Mechanical\MechanicalKernel.cs(558,58): warning CS8604: 'FlowCalculationService.FlowCalculationService(MechanicalTopologyGraph graph)' i├ğindeki 'graph' parametresi i├ğin olas─▒ null ba┼şvuru ba─ş─▒ms─▒z de─şi┼şkeni. [C:\Users\afney\Desktop\afneycad\AfneyCad\src\Afney.Cad.Mechanical\Afney.Cad.Mechanical.csproj]
C:\Users\afney\Desktop\afneycad\AfneyCad\src\Afney.Cad.Infrastructure\Import\DwgImportService.cs(8,7): warning CS0105: 'ACadSharp.IO' i├ğin using y├Ânergesi bu ad alan─▒nda daha ├Ânce g├Âr├╝nd├╝ [C:\Users\afney\Desktop\afneycad\AfneyCad\src\Afney.Cad.Infrastructure\Afney.Cad.Infrastructure.csproj]
C:\Users\afney\Desktop\afneycad\AfneyCad\src\Afney.Cad.Infrastructure\FileFormats\DxfReader.cs(40,41): warning CS8600: Null sabit de─şeri veya olas─▒ null de─şeri, bo┼ş de─şer atanamaz t├╝re d├Ân├╝┼şt├╝r├╝l├╝yor. [C:\Users\afney\Desktop\afneycad\AfneyCad\src\Afney.Cad.Infrastructure\Afney.Cad.Infrastructure.csproj]
C:\Users\afney\Desktop\afneycad\AfneyCad\src\Afney.Cad.Presentation\Views\CadViewport.xaml.cs(15,7): warning CS0105: 'System.Windows.Input' i├ğin using y├Ânergesi bu ad alan─▒nda daha ├Ânce g├Âr├╝nd├╝ [C:\Users\afney\Desktop\afneycad\AfneyCad\src\Afney.Cad.Presentation\Afney.Cad.Presentation_ovcw5m2d_wpftmp.csproj]
C:\Users\afney\Desktop\afneycad\AfneyCad\src\Afney.Cad.Presentation\MainWindow.xaml.cs(207,40): warning CS8604: 'void MainWindow.OnCalculateFlowCommand(object sender, RoutedEventArgs e)' i├ğindeki 'sender' parametresi i├ğin olas─▒ null ba┼şvuru ba─ş─▒ms─▒z de─şi┼şkeni. [C:\Users\afney\Desktop\afneycad\AfneyCad\src\Afney.Cad.Presentation\Afney.Cad.Presentation_ovcw5m2d_wpftmp.csproj]
C:\Users\afney\Desktop\afneycad\AfneyCad\src\Afney.Cad.Presentation\Views\CadViewport.xaml.cs(1184,25): warning CS8602: Olas─▒ bir null ba┼şvurunun ba┼şvurma i┼şlemi. [C:\Users\afney\Desktop\afneycad\AfneyCad\src\Afney.Cad.Presentation\Afney.Cad.Presentation_ovcw5m2d_wpftmp.csproj]
C:\Users\afney\Desktop\afneycad\AfneyCad\src\Afney.Cad.Presentation\Views\CadViewport.xaml.cs(1370,33): warning CS8602: Olas─▒ bir null ba┼şvurunun ba┼şvurma i┼şlemi. [C:\Users\afney\Desktop\afneycad\AfneyCad\src\Afney.Cad.Presentation\Afney.Cad.Presentation_ovcw5m2d_wpftmp.csproj]
C:\Users\afney\Desktop\afneycad\AfneyCad\src\Afney.Cad.Presentation\MainWindow.xaml.cs(1696,21): warning CS0219: 'progress' de─şi┼şkeni atan─▒r ancak de─şeri hi├ğbir zaman kullan─▒lmaz [C:\Users\afney\Desktop\afneycad\AfneyCad\src\Afney.Cad.Presentation\Afney.Cad.Presentation_ovcw5m2d_wpftmp.csproj]
C:\Users\afney\Desktop\afneycad\AfneyCad\src\Afney.Cad.Presentation\MainWindow.xaml.cs(1807,37): warning CS8602: Olas─▒ bir null ba┼şvurunun ba┼şvurma i┼şlemi. [C:\Users\afney\Desktop\afneycad\AfneyCad\src\Afney.Cad.Presentation\Afney.Cad.Presentation_ovcw5m2d_wpftmp.csproj]
C:\Users\afney\Desktop\afneycad\AfneyCad\src\Afney.Cad.Presentation\Dialogs\DefineBuildingDialog.xaml.cs(34,38): warning CS0067: 'DefineBuildingDialog.OnLevelActivated' olay─▒ hi├ğbir zaman kullan─▒lmaz [C:\Users\afney\Desktop\afneycad\AfneyCad\src\Afney.Cad.Presentation\Afney.Cad.Presentation_ovcw5m2d_wpftmp.csproj]
C:\Users\afney\Desktop\afneycad\AfneyCad\src\Afney.Cad.Presentation\Views\CadViewport.xaml.cs(79,59): warning CS0649: 'CadViewport._zoomTimer' alan─▒ hi├ğbir zaman atanmaz ve her zaman varsay─▒lan null de─şerine sahip olur [C:\Users\afney\Desktop\afneycad\AfneyCad\src\Afney.Cad.Presentation\Afney.Cad.Presentation_ovcw5m2d_wpftmp.csproj]
C:\Users\afney\Desktop\afneycad\AfneyCad\src\Afney.Cad.Presentation\Views\CadViewport.xaml.cs(15,7): warning CS0105: 'System.Windows.Input' i├ğin using y├Ânergesi bu ad alan─▒nda daha ├Ânce g├Âr├╝nd├╝ [C:\Users\afney\Desktop\afneycad\AfneyCad\src\Afney.Cad.Presentation\Afney.Cad.Presentation.csproj]
C:\Users\afney\Desktop\afneycad\AfneyCad\src\Afney.Cad.Presentation\MainWindow.xaml.cs(207,40): warning CS8604: 'void MainWindow.OnCalculateFlowCommand(object sender, RoutedEventArgs e)' i├ğindeki 'sender' parametresi i├ğin olas─▒ null ba┼şvuru ba─ş─▒ms─▒z de─şi┼şkeni. [C:\Users\afney\Desktop\afneycad\AfneyCad\src\Afney.Cad.Presentation\Afney.Cad.Presentation.csproj]
C:\Users\afney\Desktop\afneycad\AfneyCad\src\Afney.Cad.Presentation\Views\CadViewport.xaml.cs(1184,25): warning CS8602: Olas─▒ bir null ba┼şvurunun ba┼şvurma i┼şlemi. [C:\Users\afney\Desktop\afneycad\AfneyCad\src\Afney.Cad.Presentation\Afney.Cad.Presentation.csproj]
C:\Users\afney\Desktop\afneycad\AfneyCad\src\Afney.Cad.Presentation\Views\CadViewport.xaml.cs(1370,33): warning CS8602: Olas─▒ bir null ba┼şvurunun ba┼şvurma i┼şlemi. [C:\Users\afney\Desktop\afneycad\AfneyCad\src\Afney.Cad.Presentation\Afney.Cad.Presentation.csproj]
C:\Users\afney\Desktop\afneycad\AfneyCad\src\Afney.Cad.Presentation\MainWindow.xaml.cs(1696,21): warning CS0219: 'progress' de─şi┼şkeni atan─▒r ancak de─şeri hi├ğbir zaman kullan─▒lmaz [C:\Users\afney\Desktop\afneycad\AfneyCad\src\Afney.Cad.Presentation\Afney.Cad.Presentation.csproj]
C:\Users\afney\Desktop\afneycad\AfneyCad\src\Afney.Cad.Presentation\MainWindow.xaml.cs(1807,37): warning CS8602: Olas─▒ bir null ba┼şvurunun ba┼şvurma i┼şlemi. [C:\Users\afney\Desktop\afneycad\AfneyCad\src\Afney.Cad.Presentation\Afney.Cad.Presentation.csproj]
C:\Users\afney\Desktop\afneycad\AfneyCad\src\Afney.Cad.Presentation\Dialogs\DefineBuildingDialog.xaml.cs(34,38): warning CS0067: 'DefineBuildingDialog.OnLevelActivated' olay─▒ hi├ğbir zaman kullan─▒lmaz [C:\Users\afney\Desktop\afneycad\AfneyCad\src\Afney.Cad.Presentation\Afney.Cad.Presentation.csproj]
C:\Users\afney\Desktop\afneycad\AfneyCad\src\Afney.Cad.Presentation\Views\CadViewport.xaml.cs(79,59): warning CS0649: 'CadViewport._zoomTimer' alan─▒ hi├ğbir zaman atanmaz ve her zaman varsay─▒lan null de─şerine sahip olur [C:\Users\afney\Desktop\afneycad\AfneyCad\src\Afney.Cad.Presentation\Afney.Cad.Presentation.csproj]
    23 Uyar─▒
    0 Hata

Ge├ğen S├╝re 00:00:27.02
